{
  "Entries": [
    {
      "RequestUri": "https://login.microsoftonline.com/00000000-0000-0000-0000-000000000000/v2.0/.well-known/openid-configuration",
      "RequestMethod": "GET",
      "RequestHeaders": {
        "Accept": "*/*",
        "Accept-Encoding": "gzip, deflate",
        "Connection": "keep-alive",
        "User-Agent": "azsdk-python-identity/1.7.1 Python/3.8.8 (Windows-10-10.0.19041-SP0)"
      },
      "RequestBody": null,
      "StatusCode": 200,
      "ResponseHeaders": {
        "Access-Control-Allow-Methods": "GET, OPTIONS",
        "Access-Control-Allow-Origin": "*",
        "Cache-Control": "max-age=86400, private",
        "Content-Length": "1753",
        "Content-Type": "application/json; charset=utf-8",
        "Date": "Fri, 19 Nov 2021 08:31:16 GMT",
        "P3P": "CP=\u0022DSP CUR OTPi IND OTRi ONL FIN\u0022",
        "Set-Cookie": [
          "fpc=AlYcjpfRmxFKq1tGQc0JjBLmIjFAAQAAALZXKdkOAAAA; expires=Sun, 19-Dec-2021 08:31:17 GMT; path=/; secure; HttpOnly; SameSite=None",
          "x-ms-gateway-slice=estsfd; path=/; secure; samesite=none; httponly",
          "stsservicecookie=estsfd; path=/; secure; samesite=none; httponly"
        ],
        "Strict-Transport-Security": "max-age=31536000; includeSubDomains",
        "X-Content-Type-Options": "nosniff",
        "x-ms-ests-server": "2.1.12231.8 - WUS2 ProdSlices",
        "x-ms-request-id": "f4aadad3-7b82-4e74-8396-aea456e02500"
      },
      "ResponseBody": {
        "token_endpoint": "https://login.microsoftonline.com/00000000-0000-0000-0000-000000000000/oauth2/v2.0/token",
        "token_endpoint_auth_methods_supported": [
          "client_secret_post",
          "private_key_jwt",
          "client_secret_basic"
        ],
        "jwks_uri": "https://login.microsoftonline.com/00000000-0000-0000-0000-000000000000/discovery/v2.0/keys",
        "response_modes_supported": [
          "query",
          "fragment",
          "form_post"
        ],
        "subject_types_supported": [
          "pairwise"
        ],
        "id_token_signing_alg_values_supported": [
          "RS256"
        ],
        "response_types_supported": [
          "code",
          "id_token",
          "code id_token",
          "id_token token"
        ],
        "scopes_supported": [
          "openid",
          "profile",
          "email",
          "offline_access"
        ],
        "issuer": "https://login.microsoftonline.com/00000000-0000-0000-0000-000000000000/v2.0",
        "request_uri_parameter_supported": false,
        "userinfo_endpoint": "https://graph.microsoft.com/oidc/userinfo",
        "authorization_endpoint": "https://login.microsoftonline.com/00000000-0000-0000-0000-000000000000/oauth2/v2.0/authorize",
        "device_authorization_endpoint": "https://login.microsoftonline.com/00000000-0000-0000-0000-000000000000/oauth2/v2.0/devicecode",
        "http_logout_supported": true,
        "frontchannel_logout_supported": true,
        "end_session_endpoint": "https://login.microsoftonline.com/00000000-0000-0000-0000-000000000000/oauth2/v2.0/logout",
        "claims_supported": [
          "sub",
          "iss",
          "cloud_instance_name",
          "cloud_instance_host_name",
          "cloud_graph_host_name",
          "msgraph_host",
          "aud",
          "exp",
          "iat",
          "auth_time",
          "acr",
          "nonce",
          "preferred_username",
          "name",
          "tid",
          "ver",
          "at_hash",
          "c_hash",
          "email"
        ],
        "kerberos_endpoint": "https://login.microsoftonline.com/00000000-0000-0000-0000-000000000000/kerberos",
        "tenant_region_scope": "NA",
        "cloud_instance_name": "microsoftonline.com",
        "cloud_graph_host_name": "graph.windows.net",
        "msgraph_host": "graph.microsoft.com",
        "rbac_url": "https://pas.windows.net"
      }
    },
    {
      "RequestUri": "https://login.microsoftonline.com/common/discovery/instance?api-version=1.1\u0026authorization_endpoint=https://login.microsoftonline.com/common/oauth2/authorize",
      "RequestMethod": "GET",
      "RequestHeaders": {
        "Accept": "application/json",
        "Accept-Encoding": "gzip, deflate",
        "Connection": "keep-alive",
        "Cookie": "fpc=AlYcjpfRmxFKq1tGQc0JjBLmIjFAAQAAALZXKdkOAAAA; stsservicecookie=estsfd; x-ms-gateway-slice=estsfd",
        "User-Agent": "azsdk-python-identity/1.7.1 Python/3.8.8 (Windows-10-10.0.19041-SP0)"
      },
      "RequestBody": null,
      "StatusCode": 200,
      "ResponseHeaders": {
        "Access-Control-Allow-Methods": "GET, OPTIONS",
        "Access-Control-Allow-Origin": "*",
        "Cache-Control": "max-age=86400, private",
        "Content-Length": "945",
        "Content-Type": "application/json; charset=utf-8",
        "Date": "Fri, 19 Nov 2021 08:31:17 GMT",
        "P3P": "CP=\u0022DSP CUR OTPi IND OTRi ONL FIN\u0022",
        "Set-Cookie": [
          "fpc=AlYcjpfRmxFKq1tGQc0JjBLmIjFAAQAAALZXKdkOAAAA; expires=Sun, 19-Dec-2021 08:31:17 GMT; path=/; secure; HttpOnly; SameSite=None",
          "x-ms-gateway-slice=estsfd; path=/; secure; samesite=none; httponly",
          "stsservicecookie=estsfd; path=/; secure; samesite=none; httponly"
        ],
        "Strict-Transport-Security": "max-age=31536000; includeSubDomains",
        "X-Content-Type-Options": "nosniff",
        "x-ms-ests-server": "2.1.12231.9 - SEASLR1 ProdSlices",
        "x-ms-request-id": "a59240a6-0d70-49a5-b103-66932b100400"
      },
      "ResponseBody": {
        "tenant_discovery_endpoint": "https://login.microsoftonline.com/common/.well-known/openid-configuration",
        "api-version": "1.1",
        "metadata": [
          {
            "preferred_network": "login.microsoftonline.com",
            "preferred_cache": "login.windows.net",
            "aliases": [
              "login.microsoftonline.com",
              "login.windows.net",
              "login.microsoft.com",
              "sts.windows.net"
            ]
          },
          {
            "preferred_network": "login.partner.microsoftonline.cn",
            "preferred_cache": "login.partner.microsoftonline.cn",
            "aliases": [
              "login.partner.microsoftonline.cn",
              "login.chinacloudapi.cn"
            ]
          },
          {
            "preferred_network": "login.microsoftonline.de",
            "preferred_cache": "login.microsoftonline.de",
            "aliases": [
              "login.microsoftonline.de"
            ]
          },
          {
            "preferred_network": "login.microsoftonline.us",
            "preferred_cache": "login.microsoftonline.us",
            "aliases": [
              "login.microsoftonline.us",
              "login.usgovcloudapi.net"
            ]
          },
          {
            "preferred_network": "login-us.microsoftonline.com",
            "preferred_cache": "login-us.microsoftonline.com",
            "aliases": [
              "login-us.microsoftonline.com"
            ]
          }
        ]
      }
    },
    {
      "RequestUri": "https://login.microsoftonline.com/00000000-0000-0000-0000-000000000000/oauth2/v2.0/token",
      "RequestMethod": "POST",
      "RequestHeaders": {
        "Accept": "application/json",
        "Accept-Encoding": "gzip, deflate",
        "client-request-id": "590946f0-98b2-4022-8a86-d840383d1917",
        "Connection": "keep-alive",
        "Content-Length": "286",
        "Content-Type": "application/x-www-form-urlencoded",
        "Cookie": "fpc=AlYcjpfRmxFKq1tGQc0JjBLmIjFAAQAAALZXKdkOAAAA; stsservicecookie=estsfd; x-ms-gateway-slice=estsfd",
        "User-Agent": "azsdk-python-identity/1.7.1 Python/3.8.8 (Windows-10-10.0.19041-SP0)",
        "x-client-cpu": "x64",
        "x-client-current-telemetry": "4|730,0|",
        "x-client-last-telemetry": "4|0|||",
        "x-client-os": "win32",
        "x-client-sku": "MSAL.Python",
        "x-client-ver": "1.16.0",
        "x-ms-lib-capability": "retry-after, h429"
      },
      "RequestBody": "client_id=8c41a920-007a-4844-a189-2d0efe39f51e\u0026grant_type=client_credentials\u0026client_info=1\u0026client_secret=o0XWF_siD-FhI.5AE83-u0GaQHW_GP7cjy\u0026claims=%7B%22access_token%22%3A\u002B%7B%22xms_cc%22%3A\u002B%7B%22values%22%3A\u002B%5B%22CP1%22%5D%7D%7D%7D\u0026scope=https%3A%2F%2Fmanagement.azure.com%2F.default",
      "StatusCode": 200,
      "ResponseHeaders": {
        "Cache-Control": "no-store, no-cache",
        "client-request-id": "590946f0-98b2-4022-8a86-d840383d1917",
        "Content-Length": "1349",
        "Content-Type": "application/json; charset=utf-8",
        "Date": "Fri, 19 Nov 2021 08:31:17 GMT",
        "Expires": "-1",
        "P3P": "CP=\u0022DSP CUR OTPi IND OTRi ONL FIN\u0022",
        "Pragma": "no-cache",
        "Set-Cookie": [
          "fpc=AlYcjpfRmxFKq1tGQc0JjBLmIjFAAgAAALZXKdkOAAAA; expires=Sun, 19-Dec-2021 08:31:17 GMT; path=/; secure; HttpOnly; SameSite=None",
          "x-ms-gateway-slice=estsfd; path=/; secure; samesite=none; httponly",
          "stsservicecookie=estsfd; path=/; secure; samesite=none; httponly"
        ],
        "Strict-Transport-Security": "max-age=31536000; includeSubDomains",
        "X-Content-Type-Options": "nosniff",
        "x-ms-clitelem": "1,0,0,,",
        "x-ms-ests-server": "2.1.12231.8 - NCUS ProdSlices",
        "x-ms-request-id": "41a89843-b7d6-433a-b8d2-58b8ed181400"
      },
      "ResponseBody": {
        "token_type": "Bearer",
        "expires_in": 3599,
        "ext_expires_in": 3599,
        "access_token": "eyJ0eXAiOiJKV1QiLCJhbGciOiJSUzI1NiIsIng1dCI6Imwzc1EtNTBjQ0g0eEJWWkxIVEd3blNSNzY4MCIsImtpZCI6Imwzc1EtNTBjQ0g0eEJWWkxIVEd3blNSNzY4MCJ9.eyJhdWQiOiJodHRwczovL21hbmFnZW1lbnQuYXp1cmUuY29tIiwiaXNzIjoiaHR0cHM6Ly9zdHMud2luZG93cy5uZXQvNTQ4MjZiMjItMzhkNi00ZmIyLWJhZDktYjdiOTNhM2U5YzVhLyIsImlhdCI6MTYzNzMxMDM3NywibmJmIjoxNjM3MzEwMzc3LCJleHAiOjE2MzczMTQyNzcsImFpbyI6IkUyWmdZREEyTG0wK0dhbk9WenpiOFAzcFBSUGVBUUE9IiwiYXBwaWQiOiI4YzQxYTkyMC0wMDdhLTQ4NDQtYTE4OS0yZDBlZmUzOWY1MWUiLCJhcHBpZGFjciI6IjEiLCJpZHAiOiJodHRwczovL3N0cy53aW5kb3dzLm5ldC81NDgyNmIyMi0zOGQ2LTRmYjItYmFkOS1iN2I5M2EzZTljNWEvIiwib2lkIjoiMjI5YmVmMDAtNjUzNi00YjZhLTgyZDAtZWM4M2JmMWNkYTdlIiwicmgiOiIwLkFUY0FJbXVDVk5ZNHNrLTYyYmU1T2o2Y1dpQ3BRWXg2QUVSSW9Za3REdjQ1OVI0M0FBQS4iLCJzdWIiOiIyMjliZWYwMC02NTM2LTRiNmEtODJkMC1lYzgzYmYxY2RhN2UiLCJ0aWQiOiI1NDgyNmIyMi0zOGQ2LTRmYjItYmFkOS1iN2I5M2EzZTljNWEiLCJ1dGkiOiJRNWlvUWRhM09rTzQwbGk0N1JnVUFBIiwidmVyIjoiMS4wIiwieG1zX3RjZHQiOjE0MTIyMDY4NDB9.X2qmlaAVtsfs899vsc95_yT4RZtV9CGqEUdZwgkGbvbddUf-HO_eSr9lbp4Za3c_gC96o4KYTkwvIZKFLgYon5GzvddUQmutpkiodrqh_CriAGTlHMqGG5jqE9v0iMBQBq_fZEIKAzETsgbC1_ERu7MKNoeYXpxsV6QkAIb9DiHfiR5nGcc9NjSKE2UFd8zAZO_uArVzLQbhV2mXHOvU9-w_dxo5nT_dV7xl4oippo6pRA8AfrK0TDyAJMghL0n_QTg0GuGCVyhlIn1JPD4ckd6qtnR8_VjM-diIYKCLlp7tXZlr5HigmxEIc18HOGfBtVh62YgQm6q3Q9lIHVqvSg"
      }
    },
    {
      "RequestUri": "https://management.azure.com/subscriptions/00000000-0000-0000-0000-000000000000/resourceGroups/c6fd26d9/providers/Microsoft.Search/searchServices/ptvstestquerykeysxxy?api-version=2020-08-01",
      "RequestMethod": "PUT",
      "RequestHeaders": {
        "Accept": "application/json",
        "Accept-Encoding": "gzip, deflate",
        "Authorization": "Sanitized",
        "Connection": "keep-alive",
        "Content-Length": "133",
        "Content-Type": "application/json",
        "User-Agent": "azsdk-python-mgmt-search/8.0.0 Python/3.8.8 (Windows-10-10.0.19041-SP0)",
        "x-ms-client-request-id": "0ffbd83b-4913-11ec-b23b-70b5e82527ff"
      },
      "RequestBody": "{\u0022location\u0022: \u0022westus\u0022, \u0022sku\u0022: {\u0022name\u0022: \u0022standard\u0022}, \u0022properties\u0022: {\u0022replicaCount\u0022: 1, \u0022partitionCount\u0022: 1, \u0022hostingMode\u0022: \u0022Default\u0022}}",
      "StatusCode": 201,
      "ResponseHeaders": {
        "Cache-Control": "no-cache",
        "Content-Length": "554",
        "Content-Type": "application/json; charset=utf-8",
        "Date": "Fri, 19 Nov 2021 08:31:26 GMT",
        "elapsed-time": "5524",
        "ETag": "W/\u0022datetime\u00272021-11-19T08%3A31%3A25.8877605Z\u0027\u0022",
        "Expires": "-1",
        "Pragma": "no-cache",
        "request-id": "0ffbd83b-4913-11ec-b23b-70b5e82527ff",
        "Strict-Transport-Security": "max-age=31536000; includeSubDomains",
        "X-Content-Type-Options": "nosniff",
        "x-ms-correlation-request-id": "e488fbe4-a3de-4274-a1c4-3ba683643fa0",
        "x-ms-ratelimit-remaining-subscription-writes": "1198",
        "x-ms-request-id": "0ffbd83b-4913-11ec-b23b-70b5e82527ff",
        "x-ms-routing-request-id": "SOUTHEASTASIA:20211119T083127Z:e488fbe4-a3de-4274-a1c4-3ba683643fa0"
      },
      "ResponseBody": {
        "id": "/subscriptions/00000000-0000-0000-0000-000000000000/resourceGroups/c6fd26d9/providers/Microsoft.Search/searchServices/ptvstestquerykeysxxy",
        "name": "ptvstestquerykeysxxy",
        "type": "Microsoft.Search/searchServices",
        "location": "West US",
        "properties": {
          "replicaCount": 1,
          "partitionCount": 1,
          "status": "running",
          "statusDetails": "",
          "provisioningState": "succeeded",
          "hostingMode": "Default",
          "publicNetworkAccess": "Enabled",
          "networkRuleSet": {
            "ipRules": [],
            "bypass": "None"
          },
          "privateEndpointConnections": [],
          "sharedPrivateLinkResources": []
        },
        "sku": {
          "name": "standard"
        }
      }
    },
    {
      "RequestUri": "https://management.azure.com/subscriptions/00000000-0000-0000-0000-000000000000/resourceGroups/c6fd26d9/providers/Microsoft.Search/searchServices/ptvstestquerykeysxxy/createQueryKey/testkey?api-version=2020-08-01",
      "RequestMethod": "POST",
      "RequestHeaders": {
        "Accept": "application/json",
        "Accept-Encoding": "gzip, deflate",
        "Authorization": "Sanitized",
        "Connection": "keep-alive",
        "Content-Length": "0",
        "User-Agent": "azsdk-python-mgmt-search/8.0.0 Python/3.8.8 (Windows-10-10.0.19041-SP0)",
        "x-ms-client-request-id": "15f32058-4913-11ec-b918-70b5e82527ff"
      },
      "RequestBody": null,
      "StatusCode": 200,
      "ResponseHeaders": {
        "Cache-Control": "no-cache",
        "Content-Encoding": "gzip",
        "Content-Type": "application/json; charset=utf-8",
        "Date": "Fri, 19 Nov 2021 08:31:26 GMT",
        "elapsed-time": "162",
        "Expires": "-1",
        "Pragma": "no-cache",
        "request-id": "15f32058-4913-11ec-b918-70b5e82527ff",
        "Strict-Transport-Security": "max-age=31536000; includeSubDomains",
        "Transfer-Encoding": "chunked",
        "Vary": [
          "Accept-Encoding",
          "Accept-Encoding"
        ],
        "X-Content-Type-Options": "nosniff",
        "x-ms-correlation-request-id": "ac9b7ac2-8a39-4ced-997f-904b8d4cd472",
        "x-ms-ratelimit-remaining-subscription-writes": "1197",
        "x-ms-request-id": "15f32058-4913-11ec-b918-70b5e82527ff",
        "x-ms-routing-request-id": "SOUTHEASTASIA:20211119T083127Z:ac9b7ac2-8a39-4ced-997f-904b8d4cd472"
      },
      "ResponseBody": {
        "name": "testkey",
        "key": "186B58750B8597776A5DFA5963B6B2E4"
      }
    },
    {
      "RequestUri": "https://management.azure.com/subscriptions/00000000-0000-0000-0000-000000000000/resourceGroups/c6fd26d9/providers/Microsoft.Search/searchServices/ptvstestquerykeysxxy/listQueryKeys?api-version=2020-08-01",
      "RequestMethod": "POST",
      "RequestHeaders": {
        "Accept": "application/json",
        "Accept-Encoding": "gzip, deflate",
        "Authorization": "Sanitized",
        "Connection": "keep-alive",
        "Content-Length": "0",
        "User-Agent": "azsdk-python-mgmt-search/8.0.0 Python/3.8.8 (Windows-10-10.0.19041-SP0)",
        "x-ms-client-request-id": "1639775f-4913-11ec-9dcd-70b5e82527ff"
      },
      "RequestBody": null,
      "StatusCode": 200,
      "ResponseHeaders": {
        "Cache-Control": "no-cache",
        "Content-Encoding": "gzip",
        "Content-Type": "application/json; charset=utf-8",
        "Date": "Fri, 19 Nov 2021 08:31:27 GMT",
        "elapsed-time": "124",
        "Expires": "-1",
        "Pragma": "no-cache",
        "request-id": "1639775f-4913-11ec-9dcd-70b5e82527ff",
        "Strict-Transport-Security": "max-age=31536000; includeSubDomains",
        "Transfer-Encoding": "chunked",
        "Vary": [
          "Accept-Encoding",
          "Accept-Encoding"
        ],
        "X-Content-Type-Options": "nosniff",
        "x-ms-correlation-request-id": "4226c3c9-50c1-40ec-8e60-5cde6bd4e2cb",
        "x-ms-ratelimit-remaining-subscription-writes": "1196",
        "x-ms-request-id": "1639775f-4913-11ec-9dcd-70b5e82527ff",
        "x-ms-routing-request-id": "SOUTHEASTASIA:20211119T083127Z:4226c3c9-50c1-40ec-8e60-5cde6bd4e2cb"
      },
      "ResponseBody": {
        "value": [
          {
            "name": null,
            "key": "A05ABF32566FCEBC4D03C615A06DBA07"
          },
          {
            "name": "testkey",
            "key": "186B58750B8597776A5DFA5963B6B2E4"
          }
        ],
        "nextLink": null
      }
    },
    {
      "RequestUri": "https://management.azure.com/subscriptions/00000000-0000-0000-0000-000000000000/resourceGroups/c6fd26d9/providers/Microsoft.Search/searchServices/ptvstestquerykeysxxy/deleteQueryKey/testkey?api-version=2020-08-01",
      "RequestMethod": "DELETE",
      "RequestHeaders": {
        "Accept": "application/json",
        "Accept-Encoding": "gzip, deflate",
        "Authorization": "Sanitized",
        "Connection": "keep-alive",
        "Content-Length": "0",
        "User-Agent": "azsdk-python-mgmt-search/8.0.0 Python/3.8.8 (Windows-10-10.0.19041-SP0)",
        "x-ms-client-request-id": "167a0109-4913-11ec-8ea7-70b5e82527ff"
      },
      "RequestBody": null,
      "StatusCode": 404,
      "ResponseHeaders": {
        "Cache-Control": "no-cache",
        "Content-Language": "en",
        "Content-Length": "181",
        "Content-Type": "application/json; charset=utf-8",
        "Date": "Fri, 19 Nov 2021 08:31:27 GMT",
        "elapsed-time": "202",
        "Expires": "-1",
        "Pragma": "no-cache",
        "request-id": "167a0109-4913-11ec-8ea7-70b5e82527ff",
        "Strict-Transport-Security": "max-age=31536000; includeSubDomains",
        "X-Content-Type-Options": "nosniff",
        "x-ms-correlation-request-id": "dd83c4f7-bfc0-49d0-ac1b-aea5131b0bfa",
        "x-ms-ratelimit-remaining-subscription-deletes": "14998",
        "x-ms-request-id": "167a0109-4913-11ec-8ea7-70b5e82527ff",
        "x-ms-routing-request-id": "SOUTHEASTASIA:20211119T083128Z:dd83c4f7-bfc0-49d0-ac1b-aea5131b0bfa"
      },
      "ResponseBody": {
        "error": {
          "code": "Unknown",
          "message": "This API key does not exist for service \u0027ptvstestquerykeysxxy\u0027. RequestId: 167a0109-4913-11ec-8ea7-70b5e82527ff",
          "target": null,
          "details": null
        }
      }
    }
  ],
  "Variables": {}
}
